> Task :compileJava UP-TO-DATE
> Task :processResources UP-TO-DATE
> Task :classes UP-TO-DATE

> Task :compileTestJava
Note: /Users/seungmin/Desktop/repo/archive/demp/.worktrees/persistent-content-reactions/backend/src/test/java/com/inhatc/demp/config/ApiSecurityTest.java uses or overrides a deprecated API.
Note: Recompile with -Xlint:deprecation for details.

> Task :processTestResources UP-TO-DATE
> Task :testClasses
OpenJDK 64-Bit Server VM warning: Sharing is only supported for boot loader classes because bootstrap classpath has been appended

> Task :test

ApiSecurityTest > 회원 반응은 저장되고 중복 요청·전환·취소 후 조회에도 반영된다 > [1] kind = "question" FAILED
    java.lang.AssertionError at ApiSecurityTest.java:282

ApiSecurityTest > 회원 반응은 저장되고 중복 요청·전환·취소 후 조회에도 반영된다 > [2] kind = "answer" FAILED
    java.lang.AssertionError at ApiSecurityTest.java:282

2026-09-28T02:28:29.261+09:00  INFO 52005 --- [ionShutdownHook] j.LocalContainerEntityManagerFactoryBean : Closing JPA EntityManagerFactory for persistence unit 'default'
2026-09-28T02:28:29.263+09:00  INFO 52005 --- [ionShutdownHook] com.zaxxer.hikari.HikariDataSource       : HikariPool-1 - Shutdown initiated...
2026-09-28T02:28:29.264+09:00  INFO 52005 --- [ionShutdownHook] com.zaxxer.hikari.HikariDataSource       : HikariPool-1 - Shutdown completed.

> Task :test FAILED

2 tests completed, 2 failed

[Incubating] Problems report is available at: file:///Users/seungmin/Desktop/repo/archive/demp/.worktrees/persistent-content-reactions/backend/build/reports/problems/problems-report.html

FAILURE: Build failed with an exception.

* What went wrong:
Execution failed for task ':test'.
> There were failing tests. See the report at: file:///Users/seungmin/Desktop/repo/archive/demp/.worktrees/persistent-content-reactions/backend/build/reports/tests/test/index.html

* Try:
> Run with --scan to get full insights from a Build Scan (powered by Develocity).

Deprecated Gradle features were used in this build, making it incompatible with Gradle 10.

You can use '--warning-mode all' to show the individual deprecation warnings and determine if they come from your own scripts or plugins.

For more on this, please refer to https://docs.gradle.org/9.8.0/userguide/command_line_interface.html#sec:command_line_warnings in the Gradle documentation.

BUILD FAILED in 8s
5 actionable tasks: 2 executed, 3 up-to-date
