
> Task :compileJava
Note: /Users/seungmin/Desktop/repo/archive/demp/.worktrees/persistent-content-reactions/backend/src/main/java/com/inhatc/demp/domain/ContentReaction.java uses or overrides a deprecated API.
Note: Recompile with -Xlint:deprecation for details.

> Task :processResources UP-TO-DATE
> Task :classes
> Task :resolveMainClassName
> Task :bootJar

> Task :compileTestJava
Note: Some input files use or override a deprecated API.
Note: Recompile with -Xlint:deprecation for details.

> Task :processTestResources UP-TO-DATE
> Task :testClasses
OpenJDK 64-Bit Server VM warning: Sharing is only supported for boot loader classes because bootstrap classpath has been appended
2026-09-28T02:39:28.427+09:00  INFO 56798 --- [ionShutdownHook] j.LocalContainerEntityManagerFactoryBean : Closing JPA EntityManagerFactory for persistence unit 'default'
2026-09-28T02:39:28.428+09:00  INFO 56798 --- [ionShutdownHook] com.zaxxer.hikari.HikariDataSource       : HikariPool-1 - Shutdown initiated...
2026-09-28T02:39:28.428+09:00  INFO 56798 --- [ionShutdownHook] com.zaxxer.hikari.HikariDataSource       : HikariPool-1 - Shutdown completed.
2026-09-28T02:39:28.430+09:00  INFO 56798 --- [ionShutdownHook] j.LocalContainerEntityManagerFactoryBean : Closing JPA EntityManagerFactory for persistence unit 'default'
2026-09-28T02:39:28.430+09:00  INFO 56798 --- [ionShutdownHook] com.zaxxer.hikari.HikariDataSource       : HikariPool-2 - Shutdown initiated...
2026-09-28T02:39:28.430+09:00  INFO 56798 --- [ionShutdownHook] com.zaxxer.hikari.HikariDataSource       : HikariPool-2 - Shutdown completed.
2026-09-28T02:39:28.432+09:00  INFO 56798 --- [ionShutdownHook] j.LocalContainerEntityManagerFactoryBean : Closing JPA EntityManagerFactory for persistence unit 'default'
2026-09-28T02:39:28.432+09:00  INFO 56798 --- [ionShutdownHook] com.zaxxer.hikari.HikariDataSource       : HikariPool-3 - Shutdown initiated...
2026-09-28T02:39:28.432+09:00  INFO 56798 --- [ionShutdownHook] com.zaxxer.hikari.HikariDataSource       : HikariPool-3 - Shutdown completed.
2026-09-28T02:39:28.433+09:00  INFO 56798 --- [ionShutdownHook] j.LocalContainerEntityManagerFactoryBean : Closing JPA EntityManagerFactory for persistence unit 'default'
2026-09-28T02:39:28.436+09:00 DEBUG 56798 --- [ionShutdownHook] org.hibernate.SQL                        : 
    drop table if exists announcement cascade 
2026-09-28T02:39:28.437+09:00 DEBUG 56798 --- [ionShutdownHook] org.hibernate.SQL                        : 
    drop table if exists announcement_body_image cascade 
2026-09-28T02:39:28.437+09:00 DEBUG 56798 --- [ionShutdownHook] org.hibernate.SQL                        : 
    drop table if exists announcement_revision cascade 
2026-09-28T02:39:28.437+09:00 DEBUG 56798 --- [ionShutdownHook] org.hibernate.SQL                        : 
    drop table if exists announcement_report cascade 
2026-09-28T02:39:28.437+09:00 DEBUG 56798 --- [ionShutdownHook] org.hibernate.SQL                        : 
    drop table if exists answer cascade 
2026-09-28T02:39:28.437+09:00 DEBUG 56798 --- [ionShutdownHook] org.hibernate.SQL                        : 
    drop table if exists content_reaction cascade 
2026-09-28T02:39:28.437+09:00 DEBUG 56798 --- [ionShutdownHook] org.hibernate.SQL                        : 
    drop table if exists hashtag cascade 
2026-09-28T02:39:28.437+09:00 DEBUG 56798 --- [ionShutdownHook] org.hibernate.SQL                        : 
    drop table if exists language cascade 
2026-09-28T02:39:28.437+09:00 DEBUG 56798 --- [ionShutdownHook] org.hibernate.SQL                        : 
    drop table if exists member cascade 
2026-09-28T02:39:28.437+09:00 DEBUG 56798 --- [ionShutdownHook] org.hibernate.SQL                        : 
    drop table if exists member_roles cascade 
2026-09-28T02:39:28.437+09:00 DEBUG 56798 --- [ionShutdownHook] org.hibernate.SQL                        : 
    drop table if exists question cascade 
2026-09-28T02:39:28.437+09:00 DEBUG 56798 --- [ionShutdownHook] org.hibernate.SQL                        : 
    drop table if exists question_hashtag cascade 
2026-09-28T02:39:28.437+09:00 DEBUG 56798 --- [ionShutdownHook] org.hibernate.SQL                        : 
    drop sequence if exists hibernate_sequence
2026-09-28T02:39:28.437+09:00 DEBUG 56798 --- [ionShutdownHook] org.hibernate.SQL                        : 
    drop sequence if exists member_sequence
2026-09-28T02:39:28.437+09:00 DEBUG 56798 --- [ionShutdownHook] org.hibernate.SQL                        : 
    drop sequence if exists que_sequence
2026-09-28T02:39:28.438+09:00  INFO 56798 --- [ionShutdownHook] com.zaxxer.hikari.HikariDataSource       : HikariPool-13 - Shutdown initiated...
2026-09-28T02:39:28.438+09:00  INFO 56798 --- [ionShutdownHook] com.zaxxer.hikari.HikariDataSource       : HikariPool-13 - Shutdown completed.
2026-09-28T02:39:28.442+09:00  INFO 56798 --- [ionShutdownHook] j.LocalContainerEntityManagerFactoryBean : Closing JPA EntityManagerFactory for persistence unit 'default'
2026-09-28T02:39:28.442+09:00  INFO 56798 --- [ionShutdownHook] j.LocalContainerEntityManagerFactoryBean : Closing JPA EntityManagerFactory for persistence unit 'default'
2026-09-28T02:39:28.444+09:00  INFO 56798 --- [ionShutdownHook] j.LocalContainerEntityManagerFactoryBean : Closing JPA EntityManagerFactory for persistence unit 'default'
2026-09-28T02:39:28.444+09:00  INFO 56798 --- [ionShutdownHook] com.zaxxer.hikari.HikariDataSource       : HikariPool-14 - Shutdown initiated...
2026-09-28T02:39:28.444+09:00  INFO 56798 --- [ionShutdownHook] com.zaxxer.hikari.HikariDataSource       : HikariPool-14 - Shutdown completed.
2026-09-28T02:39:28.446+09:00  INFO 56798 --- [ionShutdownHook] j.LocalContainerEntityManagerFactoryBean : Closing JPA EntityManagerFactory for persistence unit 'default'
2026-09-28T02:39:28.446+09:00  INFO 56798 --- [ionShutdownHook] com.zaxxer.hikari.HikariDataSource       : HikariPool-15 - Shutdown initiated...
2026-09-28T02:39:28.446+09:00  INFO 56798 --- [ionShutdownHook] com.zaxxer.hikari.HikariDataSource       : HikariPool-15 - Shutdown completed.
2026-09-28T02:39:28.448+09:00  INFO 56798 --- [ionShutdownHook] j.LocalContainerEntityManagerFactoryBean : Closing JPA EntityManagerFactory for persistence unit 'default'
2026-09-28T02:39:28.448+09:00  INFO 56798 --- [ionShutdownHook] com.zaxxer.hikari.HikariDataSource       : HikariPool-16 - Shutdown initiated...
2026-09-28T02:39:28.448+09:00  INFO 56798 --- [ionShutdownHook] com.zaxxer.hikari.HikariDataSource       : HikariPool-16 - Shutdown completed.
2026-09-28T02:39:28.450+09:00  INFO 56798 --- [ionShutdownHook] j.LocalContainerEntityManagerFactoryBean : Closing JPA EntityManagerFactory for persistence unit 'default'
2026-09-28T02:39:28.450+09:00  INFO 56798 --- [ionShutdownHook] com.zaxxer.hikari.HikariDataSource       : HikariPool-17 - Shutdown initiated...
2026-09-28T02:39:28.451+09:00  INFO 56798 --- [ionShutdownHook] com.zaxxer.hikari.HikariDataSource       : HikariPool-17 - Shutdown completed.
2026-09-28T02:39:28.452+09:00  INFO 56798 --- [ionShutdownHook] j.LocalContainerEntityManagerFactoryBean : Closing JPA EntityManagerFactory for persistence unit 'default'
2026-09-28T02:39:28.453+09:00  INFO 56798 --- [ionShutdownHook] com.zaxxer.hikari.HikariDataSource       : HikariPool-18 - Shutdown initiated...
2026-09-28T02:39:28.466+09:00  INFO 56798 --- [ionShutdownHook] com.zaxxer.hikari.HikariDataSource       : HikariPool-18 - Shutdown completed.
> Task :test
> Task :asciidoctor

[Incubating] Problems report is available at: file:///Users/seungmin/Desktop/repo/archive/demp/.worktrees/persistent-content-reactions/backend/build/reports/problems/problems-report.html

Deprecated Gradle features were used in this build, making it incompatible with Gradle 10.

You can use '--warning-mode all' to show the individual deprecation warnings and determine if they come from your own scripts or plugins.

For more on this, please refer to https://docs.gradle.org/9.8.0/userguide/command_line_interface.html#sec:command_line_warnings in the Gradle documentation.

BUILD SUCCESSFUL in 28s
8 actionable tasks: 6 executed, 2 up-to-date
