
> dempfrontend@0.1.0 test
> vitest run


 RUN  v5.0.2 /Users/seungmin/Desktop/repo/archive/demp/.worktrees/persistent-content-reactions/frontend


 Test Files  40 passed (40)
      Tests  156 passed (156)
   Start at  02:43:15
   Duration  5.89s (environment 59%, tests 15%, transform 12%, import 7%, setup 7%, worker 1%)

Environment  jsdom was created 40 times · 20.82s total, 59% of tracked time
             create it once per worker with pool: 'vmThreads' (keeps per-file isolation) or isolate: false (shares it across files)
             learn more: https://vitest.dev/guide/improving-performance#test-environments


> dempfrontend@0.1.0 typecheck
> vue-tsc --noEmit


> dempfrontend@0.1.0 lint
> eslint .


> dempfrontend@0.1.0 build
> vite build

vite v8.3.1 building client environment for production...
transforming...
✓ 267 modules transformed.
rendering chunks...
computing gzip size...
dist/index.html                                     0.77 kB │ gzip:   0.44 kB
dist/assets/QuestionDetail-DQw7mjp4.css             0.20 kB │ gzip:   0.16 kB
dist/assets/QuestionWrite-BNAbTYSP.css              2.20 kB │ gzip:   0.72 kB
dist/assets/MarkdownEditor-DK8qKhpP.css             2.54 kB │ gzip:   0.79 kB
dist/assets/index-CdvNNYLu.css                     33.73 kB │ gzip:   7.18 kB
dist/assets/publication-XvoIqykF.js                 0.09 kB │ gzip:   0.11 kB
dist/assets/query-BLUyZylO.js                       0.12 kB │ gzip:   0.09 kB
dist/assets/AdminAnnouncements-NwtTL6PL.js          0.24 kB │ gzip:   0.20 kB
dist/assets/members-B21Ru_40.js                     0.24 kB │ gzip:   0.16 kB
dist/assets/AdminPosts-BBWb7dl_.js                  0.25 kB │ gzip:   0.21 kB
dist/assets/announcementReports-D8kSWKlH.js         0.28 kB │ gzip:   0.19 kB
dist/assets/positions-CDbEDubk.js                   0.30 kB │ gzip:   0.22 kB
dist/assets/SafeHtml-j-6gRGEY.js                    0.38 kB │ gzip:   0.28 kB
dist/assets/questions-D15kmjGG.js                   0.40 kB │ gzip:   0.23 kB
dist/assets/AnnouncementAudience-BOiMItq1.js        0.55 kB │ gzip:   0.37 kB
dist/assets/NotFound-DQSwdMAU.js                    0.58 kB │ gzip:   0.45 kB
dist/assets/AsyncState-DMa0kRk7.js                  0.76 kB │ gzip:   0.54 kB
dist/assets/requestError-B9scBohH.js                0.94 kB │ gzip:   0.59 kB
dist/assets/admin-Cb8mxNw7.js                       1.00 kB │ gzip:   0.42 kB
dist/assets/announcement-BbCzVLkD.js                1.11 kB │ gzip:   0.64 kB
dist/assets/AdminLayout-k7gT55eS.js                 1.57 kB │ gzip:   0.92 kB
dist/assets/AdminDashboard-CaFF8Q4k.js              1.86 kB │ gzip:   1.09 kB
dist/assets/CompanyImage-BKhgIM_-.js                1.95 kB │ gzip:   1.23 kB
dist/assets/LoginForm-BRKWYHaw.js                   2.98 kB │ gzip:   1.43 kB
dist/assets/AdminAnnouncementReports-DWIzkSco.js    3.22 kB │ gzip:   1.65 kB
dist/assets/AdminPostEditor-D7-KQ4v0.js             3.41 kB │ gzip:   1.65 kB
dist/assets/announcements-Bv3ak0Na.js               3.45 kB │ gzip:   1.90 kB
dist/assets/AccountForm-CVjt8xIw.js                 4.34 kB │ gzip:   1.92 kB
dist/assets/QuestionWrite-B46Ul1Tv.js               6.33 kB │ gzip:   2.71 kB
dist/assets/AdminCollection-BSGFdMuX.js             7.15 kB │ gzip:   3.13 kB
dist/assets/QuestionList-DMO-AXAb.js                7.23 kB │ gzip:   2.89 kB
dist/assets/AnnouncementDetail-BAuZARV_.js          8.46 kB │ gzip:   3.39 kB
dist/assets/QuestionDetail-BqvYBIIm.js              8.54 kB │ gzip:   3.13 kB
dist/assets/AnnouncementList-B6Cr1MEw.js           19.31 kB │ gzip:   6.40 kB
dist/assets/sanitizeHtml-C_Zzpafl.js               28.95 kB │ gzip:  11.39 kB
dist/assets/vee-validate-rules-DaNv529k.js         36.24 kB │ gzip:  12.10 kB
dist/assets/MarkdownEditor-BKU4Rj8r.js             59.91 kB │ gzip:  19.25 kB
dist/assets/runtime-core.esm-bundler-C2SXUZG4.js   60.63 kB │ gzip:  23.67 kB
dist/assets/index-uDbgYYuG.js                     113.25 kB │ gzip:  42.37 kB
dist/assets/AdminAnnouncementEditor-CjJXW6Ss.js   458.55 kB │ gzip: 145.03 kB

✓ built in 328ms
