
Running 20 tests using 1 worker

  ✓   1 tests/e2e/admin.spec.js:52:1 › 관리자 직접 URL은 비로그인 사용자를 로그인으로 보낸다 (580ms)
  ✓   2 tests/e2e/admin.spec.js:58:1 › localStorage 관리자 역할을 넣어도 일반 회원은 운영 화면을 볼 수 없다 (364ms)
  ✓   3 tests/e2e/admin.spec.js:64:1 › 모바일 관리자는 공고 등록 수정 재조회 삭제 확인을 진행한다 (1.2s)
  ✓   4 tests/e2e/admin.spec.js:109:1 › 관리자가 기존 HTML 질문을 수정해도 제목 서식과 밑줄은 재조회에서 유지된다 (668ms)
  ✓   5 tests/e2e/admin.spec.js:122:1 › 운영 중 권한 회수와 토큰 만료는 다음 서버 요청에서 반영된다 (518ms)
  ✓   6 tests/e2e/admin.spec.js:136:1 › 본문 붙여넣기와 이미지 저장 후 재조회하고 지원하기는 원문을 새 탭으로 연다 (1.2s)
  ✓   7 tests/e2e/admin.spec.js:181:1 › 초안은 공개 상세에서 숨기고 검토 후 게시하며 수동 마감 상태를 보존한다 (2.2s)
  ✓   8 tests/e2e/community.spec.js:107:1 › 회원가입부터 공고·질문·답변의 별도 재조회까지 (1.3s)
  ✓   9 tests/e2e/community.spec.js:144:1 › 타인 수정 거절과 만료된 인증 상태 정리 (735ms)
  ✓  10 tests/e2e/community.spec.js:162:1 › HTML 콘텐츠를 안전하게 렌더링하고 새로고침 후 인증을 유지한다 (722ms)
  ✓  11 tests/e2e/community.spec.js:174:1 › 늦게 도착한 이전 검색 결과가 새 결과를 덮지 않는다 (403ms)
  ✓  12 tests/e2e/community.spec.js:199:1 › 실제 스크롤은 다음 페이지를 한 번씩 요청하고 마지막에서 멈춘다 (457ms)
  ✓  13 tests/e2e/community.spec.js:221:1 › 스크롤 실패는 목록을 보존하고 같은 페이지를 재시도한다 (515ms)
  ✓  14 tests/e2e/community.spec.js:247:1 › 스크롤 중 필터 변경은 첫 페이지부터 조회하고 늦은 이전 페이지를 버린다 (585ms)
  ✓  15 tests/e2e/community.spec.js:278:1 › 모바일 교육 필터는 URL·새로고침·뒤로 가기에서 복원된다 (624ms)
  ✓  16 tests/e2e/community.spec.js:305:1 › 없는 페이지·상세 오류는 안내하고 재시도로 복구된다 (920ms)
  ✓  17 tests/e2e/community.spec.js:327:1 › 모집 구분은 모바일 카드와 상세·관련 공고에서 연차와 함께 구별된다 (740ms)
  ✓  18 tests/e2e/community.spec.js:351:1 › 교육 빈 검색은 상황을 설명하고 필터 해제로 교육 목록을 복구한다 (516ms)
  ✓  19 tests/e2e/community.spec.js:372:1 › 상세 교육 필터는 모바일 입력·새로고침·뒤로가기·빈 결과 해제에 연동된다 (769ms)
  ✓  20 tests/e2e/community.spec.js:402:1 › 질문·답변 반응 저장과 취소는 새로고침 후에도 유지된다 (1.1s)

  20 passed (17.1s)
