> Task :compileJava UP-TO-DATE
> Task :processResources UP-TO-DATE
> Task :classes UP-TO-DATE
> Task :compileBenchmarkJava UP-TO-DATE
> Task :processBenchmarkResources NO-SOURCE
> Task :benchmarkClasses UP-TO-DATE

> Task :queryBenchmark

QueryBenchmarkTest STANDARD_OUT

      .   ____          _            __ _ _
     /\\ / ___'_ __ _ _(_)_ __  __ _ \ \ \ \
    ( ( )\___ | '_ | '_| | '_ \/ _` | \ \ \ \
     \\/  ___)| |_)| | | | | || (_| |  ) ) ) )
      '  |____| .__|_| |_|_| |_\__, | / / / /
     =========|_|==============|___/=/_/_/_/

     :: Spring Boot ::                (v4.1.1)


QueryBenchmarkTest > 동일 가상 데이터에서 실제 조회 HTTP 처리와 SQL 비용을 반복 측정한다 STANDARD_ERROR
    Mockito is currently self-attaching to enable the inline-mock-maker. This will no longer work in future releases of the JDK. Please add Mockito as an agent to your build as described in Mockito's documentation: https://javadoc.io/doc/org.mockito/mockito-core/latest/org.mockito/org/mockito/Mockito.html#0.3
    WARNING: A Java agent has been loaded dynamically (/Users/seungmin/.gradle/caches/modules-2/files-2.1/net.bytebuddy/byte-buddy-agent/1.18.11/82212e5b3633e7a65fca8bec525762cfb6c9bae4/byte-buddy-agent-1.18.11.jar)
    WARNING: If a serviceability tool is in use, please run with -XX:+EnableDynamicAgentLoading to hide this warning
    WARNING: If a serviceability tool is not in use, please run with -Djdk.instrument.traceUsage for more information
    WARNING: Dynamic loading of agents will be disallowed by default in a future release

OpenJDK 64-Bit Server VM warning: Sharing is only supported for boot loader classes because bootstrap classpath has been appended

> Task :queryBenchmark

QueryBenchmarkTest > 동일 가상 데이터에서 실제 조회 HTTP 처리와 SQL 비용을 반복 측정한다 STANDARD_OUT
    BENCH current-control n=1000 question_list PASS
    BENCH current-control n=1000 announcement_deep PASS
    BENCH current-control n=1000 announcement_first PASS
    BENCH current-control n=1000 announcement_filtered PASS
    BENCH current-control n=10000 question_list PASS
    BENCH current-control n=10000 announcement_deep PASS
    BENCH current-control n=10000 announcement_first PASS
    BENCH current-control n=10000 announcement_filtered PASS

[Incubating] Problems report is available at: file:///Users/seungmin/Desktop/repo/archive/demp/.worktrees/measured-query-performance/backend/build/reports/problems/problems-report.html

Deprecated Gradle features were used in this build, making it incompatible with Gradle 10.

You can use '--warning-mode all' to show the individual deprecation warnings and determine if they come from your own scripts or plugins.

For more on this, please refer to https://docs.gradle.org/9.8.0/userguide/command_line_interface.html#sec:command_line_warnings in the Gradle documentation.

BUILD SUCCESSFUL in 10s
4 actionable tasks: 1 executed, 3 up-to-date
Consider enabling configuration cache to speed up this build: https://docs.gradle.org/9.8.0/userguide/configuration_cache_enabling.html
