> Task :compileJava UP-TO-DATE
> Task :processResources UP-TO-DATE
> Task :classes UP-TO-DATE
> Task :compileTestJava
> Task :processTestResources UP-TO-DATE
> Task :testClasses
OpenJDK 64-Bit Server VM warning: Sharing is only supported for boot loader classes because bootstrap classpath has been appended
2026-09-28T02:15:57.133+09:00  INFO 46193 --- [ionShutdownHook] j.LocalContainerEntityManagerFactoryBean : Closing JPA EntityManagerFactory for persistence unit 'default'
2026-09-28T02:15:57.133+09:00  INFO 46193 --- [ionShutdownHook] com.zaxxer.hikari.HikariDataSource       : HikariPool-1 - Shutdown initiated...
2026-09-28T02:15:57.133+09:00  INFO 46193 --- [ionShutdownHook] com.zaxxer.hikari.HikariDataSource       : HikariPool-1 - Shutdown completed.
2026-09-28T02:15:57.135+09:00  INFO 46193 --- [ionShutdownHook] j.LocalContainerEntityManagerFactoryBean : Closing JPA EntityManagerFactory for persistence unit 'default'
2026-09-28T02:15:57.135+09:00  INFO 46193 --- [ionShutdownHook] com.zaxxer.hikari.HikariDataSource       : HikariPool-2 - Shutdown initiated...
2026-09-28T02:15:57.136+09:00  INFO 46193 --- [ionShutdownHook] com.zaxxer.hikari.HikariDataSource       : HikariPool-2 - Shutdown completed.
2026-09-28T02:15:57.137+09:00  INFO 46193 --- [ionShutdownHook] j.LocalContainerEntityManagerFactoryBean : Closing JPA EntityManagerFactory for persistence unit 'default'
2026-09-28T02:15:57.137+09:00  INFO 46193 --- [ionShutdownHook] com.zaxxer.hikari.HikariDataSource       : HikariPool-3 - Shutdown initiated...
2026-09-28T02:15:57.137+09:00  INFO 46193 --- [ionShutdownHook] com.zaxxer.hikari.HikariDataSource       : HikariPool-3 - Shutdown completed.
2026-09-28T02:15:57.138+09:00  INFO 46193 --- [ionShutdownHook] j.LocalContainerEntityManagerFactoryBean : Closing JPA EntityManagerFactory for persistence unit 'default'
2026-09-28T02:15:57.142+09:00 DEBUG 46193 --- [ionShutdownHook] org.hibernate.SQL                        : 
    drop table if exists announcement cascade 
2026-09-28T02:15:57.143+09:00 DEBUG 46193 --- [ionShutdownHook] org.hibernate.SQL                        : 
    drop table if exists announcement_body_image cascade 
2026-09-28T02:15:57.143+09:00 DEBUG 46193 --- [ionShutdownHook] org.hibernate.SQL                        : 
    drop table if exists announcement_revision cascade 
2026-09-28T02:15:57.143+09:00 DEBUG 46193 --- [ionShutdownHook] org.hibernate.SQL                        : 
    drop table if exists announcement_report cascade 
2026-09-28T02:15:57.143+09:00 DEBUG 46193 --- [ionShutdownHook] org.hibernate.SQL                        : 
    drop table if exists answer cascade 
2026-09-28T02:15:57.143+09:00 DEBUG 46193 --- [ionShutdownHook] org.hibernate.SQL                        : 
    drop table if exists hashtag cascade 
2026-09-28T02:15:57.143+09:00 DEBUG 46193 --- [ionShutdownHook] org.hibernate.SQL                        : 
    drop table if exists language cascade 
2026-09-28T02:15:57.143+09:00 DEBUG 46193 --- [ionShutdownHook] org.hibernate.SQL                        : 
    drop table if exists member cascade 
2026-09-28T02:15:57.143+09:00 DEBUG 46193 --- [ionShutdownHook] org.hibernate.SQL                        : 
    drop table if exists member_roles cascade 
2026-09-28T02:15:57.143+09:00 DEBUG 46193 --- [ionShutdownHook] org.hibernate.SQL                        : 
    drop table if exists question cascade 
2026-09-28T02:15:57.143+09:00 DEBUG 46193 --- [ionShutdownHook] org.hibernate.SQL                        : 
    drop table if exists question_hashtag cascade 
2026-09-28T02:15:57.143+09:00 DEBUG 46193 --- [ionShutdownHook] org.hibernate.SQL                        : 
    drop sequence if exists hibernate_sequence
2026-09-28T02:15:57.143+09:00 DEBUG 46193 --- [ionShutdownHook] org.hibernate.SQL                        : 
    drop sequence if exists member_sequence
2026-09-28T02:15:57.143+09:00 DEBUG 46193 --- [ionShutdownHook] org.hibernate.SQL                        : 
    drop sequence if exists que_sequence
2026-09-28T02:15:57.143+09:00  INFO 46193 --- [ionShutdownHook] com.zaxxer.hikari.HikariDataSource       : HikariPool-13 - Shutdown initiated...
2026-09-28T02:15:57.143+09:00  INFO 46193 --- [ionShutdownHook] com.zaxxer.hikari.HikariDataSource       : HikariPool-13 - Shutdown completed.
2026-09-28T02:15:57.148+09:00  INFO 46193 --- [ionShutdownHook] j.LocalContainerEntityManagerFactoryBean : Closing JPA EntityManagerFactory for persistence unit 'default'
2026-09-28T02:15:57.148+09:00  INFO 46193 --- [ionShutdownHook] j.LocalContainerEntityManagerFactoryBean : Closing JPA EntityManagerFactory for persistence unit 'default'
2026-09-28T02:15:57.149+09:00  INFO 46193 --- [ionShutdownHook] j.LocalContainerEntityManagerFactoryBean : Closing JPA EntityManagerFactory for persistence unit 'default'
2026-09-28T02:15:57.149+09:00  INFO 46193 --- [ionShutdownHook] com.zaxxer.hikari.HikariDataSource       : HikariPool-14 - Shutdown initiated...
2026-09-28T02:15:57.150+09:00  INFO 46193 --- [ionShutdownHook] com.zaxxer.hikari.HikariDataSource       : HikariPool-14 - Shutdown completed.
2026-09-28T02:15:57.150+09:00  INFO 46193 --- [ionShutdownHook] j.LocalContainerEntityManagerFactoryBean : Closing JPA EntityManagerFactory for persistence unit 'default'
2026-09-28T02:15:57.151+09:00  INFO 46193 --- [ionShutdownHook] com.zaxxer.hikari.HikariDataSource       : HikariPool-15 - Shutdown initiated...
2026-09-28T02:15:57.151+09:00  INFO 46193 --- [ionShutdownHook] com.zaxxer.hikari.HikariDataSource       : HikariPool-15 - Shutdown completed.
2026-09-28T02:15:57.152+09:00  INFO 46193 --- [ionShutdownHook] j.LocalContainerEntityManagerFactoryBean : Closing JPA EntityManagerFactory for persistence unit 'default'
2026-09-28T02:15:57.152+09:00  INFO 46193 --- [ionShutdownHook] com.zaxxer.hikari.HikariDataSource       : HikariPool-16 - Shutdown initiated...
2026-09-28T02:15:57.152+09:00  INFO 46193 --- [ionShutdownHook] com.zaxxer.hikari.HikariDataSource       : HikariPool-16 - Shutdown completed.
2026-09-28T02:15:57.153+09:00  INFO 46193 --- [ionShutdownHook] j.LocalContainerEntityManagerFactoryBean : Closing JPA EntityManagerFactory for persistence unit 'default'
2026-09-28T02:15:57.153+09:00  INFO 46193 --- [ionShutdownHook] com.zaxxer.hikari.HikariDataSource       : HikariPool-17 - Shutdown initiated...
2026-09-28T02:15:57.154+09:00  INFO 46193 --- [ionShutdownHook] com.zaxxer.hikari.HikariDataSource       : HikariPool-17 - Shutdown completed.
2026-09-28T02:15:57.155+09:00  INFO 46193 --- [ionShutdownHook] j.LocalContainerEntityManagerFactoryBean : Closing JPA EntityManagerFactory for persistence unit 'default'
2026-09-28T02:15:57.155+09:00  INFO 46193 --- [ionShutdownHook] com.zaxxer.hikari.HikariDataSource       : HikariPool-18 - Shutdown initiated...
2026-09-28T02:15:57.171+09:00  INFO 46193 --- [ionShutdownHook] com.zaxxer.hikari.HikariDataSource       : HikariPool-18 - Shutdown completed.
> Task :test

[Incubating] Problems report is available at: file:///Users/seungmin/Desktop/repo/archive/demp/.worktrees/controlled-domain-construction/backend/build/reports/problems/problems-report.html

Deprecated Gradle features were used in this build, making it incompatible with Gradle 10.

You can use '--warning-mode all' to show the individual deprecation warnings and determine if they come from your own scripts or plugins.

For more on this, please refer to https://docs.gradle.org/9.8.0/userguide/command_line_interface.html#sec:command_line_warnings in the Gradle documentation.

BUILD SUCCESSFUL in 19s
5 actionable tasks: 2 executed, 3 up-to-date
Consider enabling configuration cache to speed up this build: https://docs.gradle.org/9.8.0/userguide/configuration_cache_enabling.html
