> Task :compileJava
> Task :processResources UP-TO-DATE
> Task :classes

> Task :compileTestJava
Note: Some input files use or override a deprecated API.
Note: Recompile with -Xlint:deprecation for details.

> Task :processTestResources UP-TO-DATE
> Task :testClasses
OpenJDK 64-Bit Server VM warning: Sharing is only supported for boot loader classes because bootstrap classpath has been appended
2026-09-28T03:21:26.154+09:00  INFO 75389 --- [ionShutdownHook] j.LocalContainerEntityManagerFactoryBean : Closing JPA EntityManagerFactory for persistence unit 'default'
2026-09-28T03:21:26.155+09:00  INFO 75389 --- [ionShutdownHook] com.zaxxer.hikari.HikariDataSource       : HikariPool-1 - Shutdown initiated...
2026-09-28T03:21:26.156+09:00  INFO 75389 --- [ionShutdownHook] com.zaxxer.hikari.HikariDataSource       : HikariPool-1 - Shutdown completed.
> Task :test

[Incubating] Problems report is available at: file:///Users/seungmin/Desktop/repo/archive/demp/.worktrees/measured-query-performance/backend/build/reports/problems/problems-report.html

Deprecated Gradle features were used in this build, making it incompatible with Gradle 10.

You can use '--warning-mode all' to show the individual deprecation warnings and determine if they come from your own scripts or plugins.

For more on this, please refer to https://docs.gradle.org/9.8.0/userguide/command_line_interface.html#sec:command_line_warnings in the Gradle documentation.

BUILD SUCCESSFUL in 5s
5 actionable tasks: 3 executed, 2 up-to-date
Consider enabling configuration cache to speed up this build: https://docs.gradle.org/9.8.0/userguide/configuration_cache_enabling.html
