BROWSER goto http://127.0.0.1:51019/login exit 0
BROWSER wait --selector exit 0
BROWSER fill #username exit 0
BROWSER fill #password exit 0
BROWSER click .auth-actions button[type=submit] exit 0
BROWSER wait --text exit 0
BROWSER goto http://127.0.0.1:51019/admin/announcements/new exit 0
BROWSER wait --selector exit 0
BROWSER eval JSON.stringify(Array.from(document.querySelectorAll(".announcement-admin-form > fieldset > legend")).map(e=>e.textContent.trim())) exit 0
PASS 관리자 등록 폼 다섯 구성 그룹 ['기본 정보', '모집 조건·일정', '공고 내용', '출처·지원', '게시 설정']
BROWSER fill #admin-title exit 0
BROWSER fill #admin-company exit 0
BROWSER select #admin-position exit 0
BROWSER select #admin-publication exit 0
BROWSER fill #admin-accessUrl exit 0
BROWSER fill #admin-startedDate exit 0
BROWSER fill #admin-deadLineDate exit 0
BROWSER fill #admin-content exit 0
BROWSER check .technology-choice input[value=JAVA] exit 0
BROWSER fill [aria-label="관리자 기술 스택 검색"] exit 0
BROWSER check .technology-choice input[value=KOTLIN] exit 0
BROWSER fill [aria-label="관리자 기술 스택 검색"] exit 0
BROWSER check .technology-choice input[value=SPRING_BOOT] exit 0
BROWSER fill [aria-label="관리자 기술 스택 검색"] exit 0
BROWSER check .technology-choice input[value=KUBERNETES] exit 0
BROWSER fill [aria-label="관리자 기술 스택 검색"] exit 0
BROWSER check .technology-choice input[value=React] exit 0
BROWSER fill [aria-label="관리자 기술 스택 검색"] exit 0
BROWSER eval JSON.stringify(Array.from(document.querySelectorAll(".technology-choice input:checked")).map(e=>e.value)) exit 0
PASS 검색으로 숨긴 기존 선택과 새 기술 선택 유지 ['JAVA', 'KOTLIN', 'React', 'SPRING_BOOT', 'KUBERNETES']
BROWSER click [aria-label="모집 마감 달력 열기"] exit 0
BROWSER wait --selector exit 0
BROWSER viewport 320 exit 0
BROWSER eval JSON.stringify((()=>{const calendar=document.querySelector("#admin-deadLineDate-calendar").getBoundingClientRect();return {scroll:document.documentElement.scrollWidth,left:calendar.left,right:calendar.right,choices:document.querySelectorAll(".technology-choice").length,select:document.querySelector("#admin-position").getBoundingClientRect().height}})()) exit 0
PASS 320px 확장 항목·폼·달력 화면 경계 {'scroll': 320, 'left': 33, 'right': 287, 'choices': 66, 'select': 44}
BROWSER screenshot --out exit 0
BROWSER viewport 390 exit 0
BROWSER eval JSON.stringify((()=>{const calendar=document.querySelector("#admin-deadLineDate-calendar").getBoundingClientRect();return {scroll:document.documentElement.scrollWidth,left:calendar.left,right:calendar.right,choices:document.querySelectorAll(".technology-choice").length,select:document.querySelector("#admin-position").getBoundingClientRect().height}})()) exit 0
PASS 390px 확장 항목·폼·달력 화면 경계 {'scroll': 373, 'left': 33, 'right': 340, 'choices': 66, 'select': 44}
BROWSER viewport 640 exit 0
BROWSER eval JSON.stringify((()=>{const calendar=document.querySelector("#admin-deadLineDate-calendar").getBoundingClientRect();return {scroll:document.documentElement.scrollWidth,left:calendar.left,right:calendar.right,choices:document.querySelectorAll(".technology-choice").length,select:document.querySelector("#admin-position").getBoundingClientRect().height}})()) exit 0
PASS 640px 확장 항목·폼·달력 화면 경계 {'scroll': 623, 'left': 320.5, 'right': 580, 'choices': 66, 'select': 44}
BROWSER viewport 768 exit 0
BROWSER eval JSON.stringify((()=>{const calendar=document.querySelector("#admin-deadLineDate-calendar").getBoundingClientRect();return {scroll:document.documentElement.scrollWidth,left:calendar.left,right:calendar.right,choices:document.querySelectorAll(".technology-choice").length,select:document.querySelector("#admin-position").getBoundingClientRect().height}})()) exit 0
PASS 768px 확장 항목·폼·달력 화면 경계 {'scroll': 751, 'left': 384.5, 'right': 694.5, 'choices': 66, 'select': 44}
BROWSER viewport 1024 exit 0
BROWSER eval JSON.stringify((()=>{const calendar=document.querySelector("#admin-deadLineDate-calendar").getBoundingClientRect();return {scroll:document.documentElement.scrollWidth,left:calendar.left,right:calendar.right,choices:document.querySelectorAll(".technology-choice").length,select:document.querySelector("#admin-position").getBoundingClientRect().height}})()) exit 0
PASS 1024px 확장 항목·폼·달력 화면 경계 {'scroll': 1007, 'left': 517.5, 'right': 827.5, 'choices': 66, 'select': 44}
BROWSER viewport 1440 exit 0
BROWSER eval JSON.stringify((()=>{const calendar=document.querySelector("#admin-deadLineDate-calendar").getBoundingClientRect();return {scroll:document.documentElement.scrollWidth,left:calendar.left,right:calendar.right,choices:document.querySelectorAll(".technology-choice").length,select:document.querySelector("#admin-position").getBoundingClientRect().height}})()) exit 0
PASS 1440px 확장 항목·폼·달력 화면 경계 {'scroll': 1423, 'left': 725.5, 'right': 1035.5, 'choices': 66, 'select': 44}
BROWSER screenshot --out exit 0
BROWSER click #admin-deadLineDate-calendar [data-day="20"] exit 0
BROWSER eval JSON.stringify(document.querySelector("#admin-deadLineDate").value) exit 0
BROWSER eval JSON.stringify(document.querySelector("#admin-deadLineDate").value) exit 0
PASS 달력 선택이 시·분 유지 2030-11-20T18:30
BROWSER click .announcement-admin-form button[type=submit] exit 0
BROWSER wait --url-contains exit 0
BROWSER wait --selector exit 0
PASS UI 등록 후 독립 API의 커밋 확인 [{'announcementType': 'EMP', 'company': 'DEMP 로컬 검증', 'deadLineDate': '2030-11-20T18:30:00', 'education': None, 'employmentType': None, 'hits': 0, 'id': 1, 'image': '', 'language': ['KOTLIN', 'KUBERNETES', 'SPRING_BOOT', 'JAVA', 'React'], 'maxCareer': 0, 'minCareer': 0, 'payment': None, 'position': 'SRE', 'publicationStatus': 'PUBLISHED', 'recruitmentAudience': None, 'recruitmentClosed': False, 'startedDate': '2026-10-10T09:15:00', 'title': '실제 확장 기술 검증 공고'}]
PASS 등록·관리자·목록 조회는 집계 안 함 0
BROWSER goto http://127.0.0.1:51019/detail/1 exit 0
BROWSER wait --selector exit 0
BROWSER eval JSON.stringify(document.querySelector(".job-detail [aria-label="공고 조회수"]").textContent.trim()) exit 1
Traceback (most recent call last):
  File "/private/tmp/demp-discovery-visible-ui.py", line 83, in <module>
    check('공개 상세 1회: 화면·독립 조회 일치',dom('document.querySelector(".job-detail [aria-label=\"공고 조회수\"]").textContent.trim()')=='조회 1' and pure()['hits']==1,pure()['hits'])
                                               ~~~^^^^^^^^^^^^^^^^^^^^^^^^^^^^^^^^^^^^^^^^^^^^^^^^^^^^^^^^^^^^^^^^^^^^^^^^^^^^^^^^^^^^^^^^^
  File "/private/tmp/demp-discovery-visible-ui.py", line 23, in dom
    def dom(expression): return json.loads(browser('eval','JSON.stringify('+expression+')'))
                                           ~~~~~~~^^^^^^^^^^^^^^^^^^^^^^^^^^^^^^^^^^^^^^^^^
  File "/private/tmp/demp-discovery-visible-ui.py", line 20, in browser
    if result.returncode: raise AssertionError(result.stderr.strip() or result.stdout.strip())
                          ^^^^^^^^^^^^^^^^^^^^^^^^^^^^^^^^^^^^^^^^^^^^^^^^^^^^^^^^^^^^^^^^^^^^
AssertionError: Error: js_error: SyntaxError: Unexpected identifier '공고'. Expected ')' to end an argument list.
VISIBLE_UI_RESULT FAIL assertions 11
