
> dempfrontend@0.1.0 prebuild
> npm run typecheck


> dempfrontend@0.1.0 typecheck
> vue-tsc --noEmit


> dempfrontend@0.1.0 build
> vite build

vite v8.3.1 building client environment for production...
transforming...
✓ 285 modules transformed.
rendering chunks...
computing gzip size...
dist/index.html                                     0.95 kB │ gzip:   0.49 kB
dist/assets/QuestionDetail-B-9R51fp.css             0.52 kB │ gzip:   0.30 kB
dist/assets/QuestionList-sFnqAA8E.css               1.10 kB │ gzip:   0.42 kB
dist/assets/QuestionWrite-DrvSsG0n.css              1.22 kB │ gzip:   0.50 kB
dist/assets/MarkdownEditor-DnVWKli8.css             2.60 kB │ gzip:   0.80 kB
dist/assets/AnnouncementList-DPGOGs0t.css           6.85 kB │ gzip:   1.71 kB
dist/assets/AdminAnnouncementEditor-DyexDfvc.css    7.08 kB │ gzip:   1.84 kB
dist/assets/index-Vw9KxeF_.css                     36.28 kB │ gzip:   7.58 kB
dist/assets/publication-XvoIqykF.js                 0.09 kB │ gzip:   0.11 kB
dist/assets/query-DsiV3vVV.js                       0.23 kB │ gzip:   0.15 kB
dist/assets/AdminAnnouncements-BALsew5j.js          0.24 kB │ gzip:   0.20 kB
dist/assets/AdminPosts-DRUmw02u.js                  0.25 kB │ gzip:   0.21 kB
dist/assets/announcementReports-GBOiw7x2.js         0.29 kB │ gzip:   0.19 kB
dist/assets/SafeHtml-DB6LWZHm.js                    0.38 kB │ gzip:   0.28 kB
dist/assets/positions-DgKjhT__.js                   0.39 kB │ gzip:   0.27 kB
dist/assets/questions-munGWPed.js                   0.54 kB │ gzip:   0.26 kB
dist/assets/NotFound-E1Wy_pt2.js                    0.58 kB │ gzip:   0.45 kB
dist/assets/members-CQctM-LR.js                     0.67 kB │ gzip:   0.38 kB
dist/assets/AnnouncementAudience-CeSrck9p.js        0.75 kB │ gzip:   0.45 kB
dist/assets/AsyncState-kLapoijs.js                  0.76 kB │ gzip:   0.54 kB
dist/assets/requestError-B9scBohH.js                0.94 kB │ gzip:   0.59 kB
dist/assets/AdminLayout--xjCB7iT.js                 1.56 kB │ gzip:   0.92 kB
dist/assets/AdminDashboard-CKjDAMZV.js              1.83 kB │ gzip:   1.08 kB
dist/assets/CompanyImage-BZIUob30.js                2.24 kB │ gzip:   1.40 kB
dist/assets/announcement-BmwTx95_.js                3.16 kB │ gzip:   1.78 kB
dist/assets/LoginForm-B2b_5y8Z.js                   3.19 kB │ gzip:   1.54 kB
dist/assets/AdminPostEditor-B1LiA9yD.js             3.38 kB │ gzip:   1.63 kB
dist/assets/AccountForm-Dl3p--un.js                 4.34 kB │ gzip:   1.92 kB
dist/assets/AdminAnnouncementReports-DyVcJu8I.js    4.59 kB │ gzip:   2.20 kB
dist/assets/AdminCollection-BbUJKCZM.js             7.12 kB │ gzip:   3.11 kB
dist/assets/QuestionWrite-Ce2zIoj2.js               7.75 kB │ gzip:   3.20 kB
dist/assets/QuestionList-CqNFc3mT.js                8.52 kB │ gzip:   3.29 kB
dist/assets/AnnouncementDetail-BTaUvdLk.js          9.50 kB │ gzip:   3.76 kB
dist/assets/QuestionDetail-BbxQ_Exp.js             10.02 kB │ gzip:   3.86 kB
dist/assets/index-CUhx9Sfy.js                      21.25 kB │ gzip:   9.66 kB
dist/assets/AnnouncementList-ClLf5R2P.js           27.81 kB │ gzip:   8.52 kB
dist/assets/sanitizeHtml-C_Zzpafl.js               28.95 kB │ gzip:  11.39 kB
dist/assets/vee-validate-rules-VY1PehnM.js         36.25 kB │ gzip:  12.10 kB
dist/assets/runtime-core.esm-bundler-D9OpJ1Kv.js   57.90 kB │ gzip:  22.62 kB
dist/assets/MarkdownEditor-CVQ6poS4.js             59.91 kB │ gzip:  19.25 kB
dist/assets/client-D4ykpJcQ.js                     93.57 kB │ gzip:  33.95 kB
dist/assets/AdminAnnouncementEditor-dlffI_6-.js   469.33 kB │ gzip: 148.67 kB

✓ built in 284ms
