
> dempfrontend@0.1.0 test:e2e
> playwright test --list

Listing tests:
  [production] › admin.spec.js:65:1 › 관리자 직접 URL은 비로그인 사용자를 로그인으로 보낸다
  [production] › admin.spec.js:72:1 › localStorage 관리자 역할을 넣어도 일반 회원은 운영 화면을 볼 수 없다
  [production] › admin.spec.js:79:1 › 모바일 관리자는 공고 등록 수정 재조회 삭제 확인을 진행한다
  [production] › admin.spec.js:125:1 › 관리자가 기존 HTML 질문을 수정해도 제목 서식과 밑줄은 재조회에서 유지된다
  [production] › admin.spec.js:139:3 › 제보 처리 입력은 320px에서 필드 오류·내용 저장·처리 결과를 유지한다
  [production] › admin.spec.js:164:3 › 관리자 폼과 앱 달력은 320px에서 입력 그룹·날짜 선택·키보드·화면 경계를 유지한다
  [production] › admin.spec.js:198:3 › 변경 이력은 320px에서 순서와 값을 보존하고 제목을 다음 줄에 정렬한다
  [production] › admin.spec.js:139:3 › 제보 처리 입력은 390px에서 필드 오류·내용 저장·처리 결과를 유지한다
  [production] › admin.spec.js:164:3 › 관리자 폼과 앱 달력은 390px에서 입력 그룹·날짜 선택·키보드·화면 경계를 유지한다
  [production] › admin.spec.js:198:3 › 변경 이력은 390px에서 순서와 값을 보존하고 제목을 다음 줄에 정렬한다
  [production] › admin.spec.js:139:3 › 제보 처리 입력은 1440px에서 필드 오류·내용 저장·처리 결과를 유지한다
  [production] › admin.spec.js:164:3 › 관리자 폼과 앱 달력은 1440px에서 입력 그룹·날짜 선택·키보드·화면 경계를 유지한다
  [production] › admin.spec.js:198:3 › 변경 이력은 1440px에서 순서와 값을 보존하고 제목을 다음 줄에 정렬한다
  [production] › admin.spec.js:226:1 › 운영 중 권한 회수와 토큰 만료는 다음 서버 요청에서 반영된다
  [production] › admin.spec.js:240:1 › 본문 붙여넣기와 이미지 저장 후 재조회하고 지원하기는 원문을 새 탭으로 연다
  [production] › admin.spec.js:286:1 › 초안은 공개 상세에서 숨기고 검토 후 게시하며 수동 마감 상태를 보존한다
  [production] › announcement-filters.spec.js:3:1 › 확장 항목과 정렬은 URL·서버 요청·새로고침·뒤로 가기에 복원된다
  [production] › announcement-filters.spec.js:30:1 › 검색 초안은 다른 필터 선택에 섞이지 않고 제출·개별 해제·뒤로 가기로 URL과 API에 복원된다
  [production] › announcement-filters.spec.js:53:1 › 직무·기술 검색은 숨긴 선택을 유지하며 키보드 열기·Esc·모집 상태 선택은 단일 패널을 지킨다
  [production] › announcement-filters.spec.js:87:1 › 경력은 20년 URL·정확한 연차·오류·빠른 선택·해제를 기존 서버 의미로 전달한다
  [production] › community.spec.js:127:1 › 답변 20개 조회 후 더 보기와 단건 저장을 함께 진행한다
  [production] › community.spec.js:155:1 › 답변 더 보기 실패는 목록과 작성 입력을 보존한다
  [production] › community.spec.js:176:1 › 회원가입부터 공고·질문·답변의 별도 재조회까지
  [production] › community.spec.js:213:1 › 타인 수정 거절과 만료된 인증 상태 정리
  [production] › community.spec.js:231:1 › 본인 질문은 태그와 서식을 편집해 재조회하고 타인 편집 화면은 숨긴다
  [production] › community.spec.js:264:1 › HTML 콘텐츠를 안전하게 렌더링하고 새로고침 후 인증을 유지한다
  [production] › community.spec.js:276:1 › 늦게 도착한 이전 검색 결과가 새 결과를 덮지 않는다
  [production] › community.spec.js:301:1 › 실제 스크롤은 다음 페이지를 한 번씩 요청하고 마지막에서 멈춘다
  [production] › community.spec.js:323:1 › 스크롤 실패는 목록을 보존하고 같은 페이지를 재시도한다
  [production] › community.spec.js:349:1 › 스크롤 중 필터 변경은 첫 페이지부터 조회하고 늦은 이전 페이지를 버린다
  [production] › community.spec.js:380:1 › 모바일 교육 필터는 URL·새로고침·뒤로 가기에서 복원된다
  [production] › community.spec.js:407:1 › 없는 페이지·상세 오류는 안내하고 재시도로 복구된다
  [production] › community.spec.js:429:1 › 모집 구분은 모바일 카드와 상세·관련 공고에서 연차와 함께 구별된다
  [production] › community.spec.js:455:1 › 교육 빈 검색은 상황을 설명하고 필터 해제로 교육 목록을 복구한다
  [production] › community.spec.js:476:1 › 상세 교육 필터는 모바일 입력·새로고침·뒤로가기·빈 결과 해제에 연동된다
  [production] › community.spec.js:506:1 › 질문·답변 반응 저장과 취소는 새로고침 후에도 유지된다
  [production] › community.spec.js:530:1 › 로그인 제한은 대기 시간을 표시하고 입력을 보존해 재시도한다
  [production] › responsive-layout.spec.js:55:5 › 320px 화면 › 320px: 공고 검색어와 모바일 필터는 읽을 폭과 버튼 간격을 유지한다
  [production] › responsive-layout.spec.js:86:5 › 320px 화면 › 320px: 긴 검색 조건과 카드 텍스트는 화면 밖으로 밀려나지 않는다
  [production] › responsive-layout.spec.js:104:5 › 320px 화면 › 320px: 질문 목록의 검색과 페이지 이동 버튼은 읽을 폭과 간격을 유지한다
  [production] › responsive-layout.spec.js:112:5 › 320px 화면 › 320px: 긴 작성자와 조회수는 겹치지 않고 태그와 반응 사이에 여백이 있다
  [production] › responsive-layout.spec.js:120:5 › 320px 화면 › 320px: 질문 편집기의 서식과 보기 버튼이 잘리지 않는다
  [production] › responsive-layout.spec.js:127:5 › 320px 화면 › 320px: 태그 입력은 행 안에서 정렬되고 줄바꿈과 중복 오류에 간격이 있다
  [production] › responsive-layout.spec.js:147:5 › 320px 화면 › 320px: 공고 상세의 안내와 지원 버튼은 서로 붙지 않는다
  [production] › responsive-layout.spec.js:161:5 › 320px 화면 › 320px: 짧은 질문 본문은 불필요한 고정 높이 없이 내용을 감싼다
  [production] › responsive-layout.spec.js:169:5 › 320px 화면 › 320px: 접힌 오류 제보는 간결하게 표시되고 지원 영역과 간격이 있다
  [production] › responsive-layout.spec.js:187:5 › 320px 화면 › 320px: 관리자 목록과 등록 폼은 긴 텍스트와 날짜 입력에도 넘치지 않는다
  [production] › responsive-layout.spec.js:200:5 › 320px 화면 › 320px: 로그인과 회원가입의 입력 및 동작 버튼은 화면 안에 있다
  [production] › responsive-layout.spec.js:55:5 › 390px 화면 › 390px: 공고 검색어와 모바일 필터는 읽을 폭과 버튼 간격을 유지한다
  [production] › responsive-layout.spec.js:86:5 › 390px 화면 › 390px: 긴 검색 조건과 카드 텍스트는 화면 밖으로 밀려나지 않는다
  [production] › responsive-layout.spec.js:104:5 › 390px 화면 › 390px: 질문 목록의 검색과 페이지 이동 버튼은 읽을 폭과 간격을 유지한다
  [production] › responsive-layout.spec.js:112:5 › 390px 화면 › 390px: 긴 작성자와 조회수는 겹치지 않고 태그와 반응 사이에 여백이 있다
  [production] › responsive-layout.spec.js:120:5 › 390px 화면 › 390px: 질문 편집기의 서식과 보기 버튼이 잘리지 않는다
  [production] › responsive-layout.spec.js:127:5 › 390px 화면 › 390px: 태그 입력은 행 안에서 정렬되고 줄바꿈과 중복 오류에 간격이 있다
  [production] › responsive-layout.spec.js:147:5 › 390px 화면 › 390px: 공고 상세의 안내와 지원 버튼은 서로 붙지 않는다
  [production] › responsive-layout.spec.js:161:5 › 390px 화면 › 390px: 짧은 질문 본문은 불필요한 고정 높이 없이 내용을 감싼다
  [production] › responsive-layout.spec.js:169:5 › 390px 화면 › 390px: 접힌 오류 제보는 간결하게 표시되고 지원 영역과 간격이 있다
  [production] › responsive-layout.spec.js:187:5 › 390px 화면 › 390px: 관리자 목록과 등록 폼은 긴 텍스트와 날짜 입력에도 넘치지 않는다
  [production] › responsive-layout.spec.js:200:5 › 390px 화면 › 390px: 로그인과 회원가입의 입력 및 동작 버튼은 화면 안에 있다
  [production] › responsive-layout.spec.js:55:5 › 640px 화면 › 640px: 공고 검색어와 모바일 필터는 읽을 폭과 버튼 간격을 유지한다
  [production] › responsive-layout.spec.js:86:5 › 640px 화면 › 640px: 긴 검색 조건과 카드 텍스트는 화면 밖으로 밀려나지 않는다
  [production] › responsive-layout.spec.js:104:5 › 640px 화면 › 640px: 질문 목록의 검색과 페이지 이동 버튼은 읽을 폭과 간격을 유지한다
  [production] › responsive-layout.spec.js:112:5 › 640px 화면 › 640px: 긴 작성자와 조회수는 겹치지 않고 태그와 반응 사이에 여백이 있다
  [production] › responsive-layout.spec.js:120:5 › 640px 화면 › 640px: 질문 편집기의 서식과 보기 버튼이 잘리지 않는다
  [production] › responsive-layout.spec.js:127:5 › 640px 화면 › 640px: 태그 입력은 행 안에서 정렬되고 줄바꿈과 중복 오류에 간격이 있다
  [production] › responsive-layout.spec.js:147:5 › 640px 화면 › 640px: 공고 상세의 안내와 지원 버튼은 서로 붙지 않는다
  [production] › responsive-layout.spec.js:161:5 › 640px 화면 › 640px: 짧은 질문 본문은 불필요한 고정 높이 없이 내용을 감싼다
  [production] › responsive-layout.spec.js:169:5 › 640px 화면 › 640px: 접힌 오류 제보는 간결하게 표시되고 지원 영역과 간격이 있다
  [production] › responsive-layout.spec.js:187:5 › 640px 화면 › 640px: 관리자 목록과 등록 폼은 긴 텍스트와 날짜 입력에도 넘치지 않는다
  [production] › responsive-layout.spec.js:200:5 › 640px 화면 › 640px: 로그인과 회원가입의 입력 및 동작 버튼은 화면 안에 있다
  [production] › responsive-layout.spec.js:55:5 › 768px 화면 › 768px: 공고 검색어와 모바일 필터는 읽을 폭과 버튼 간격을 유지한다
  [production] › responsive-layout.spec.js:86:5 › 768px 화면 › 768px: 긴 검색 조건과 카드 텍스트는 화면 밖으로 밀려나지 않는다
  [production] › responsive-layout.spec.js:104:5 › 768px 화면 › 768px: 질문 목록의 검색과 페이지 이동 버튼은 읽을 폭과 간격을 유지한다
  [production] › responsive-layout.spec.js:112:5 › 768px 화면 › 768px: 긴 작성자와 조회수는 겹치지 않고 태그와 반응 사이에 여백이 있다
  [production] › responsive-layout.spec.js:120:5 › 768px 화면 › 768px: 질문 편집기의 서식과 보기 버튼이 잘리지 않는다
  [production] › responsive-layout.spec.js:127:5 › 768px 화면 › 768px: 태그 입력은 행 안에서 정렬되고 줄바꿈과 중복 오류에 간격이 있다
  [production] › responsive-layout.spec.js:147:5 › 768px 화면 › 768px: 공고 상세의 안내와 지원 버튼은 서로 붙지 않는다
  [production] › responsive-layout.spec.js:161:5 › 768px 화면 › 768px: 짧은 질문 본문은 불필요한 고정 높이 없이 내용을 감싼다
  [production] › responsive-layout.spec.js:169:5 › 768px 화면 › 768px: 접힌 오류 제보는 간결하게 표시되고 지원 영역과 간격이 있다
  [production] › responsive-layout.spec.js:187:5 › 768px 화면 › 768px: 관리자 목록과 등록 폼은 긴 텍스트와 날짜 입력에도 넘치지 않는다
  [production] › responsive-layout.spec.js:200:5 › 768px 화면 › 768px: 로그인과 회원가입의 입력 및 동작 버튼은 화면 안에 있다
  [production] › responsive-layout.spec.js:55:5 › 1024px 화면 › 1024px: 공고 검색어와 모바일 필터는 읽을 폭과 버튼 간격을 유지한다
  [production] › responsive-layout.spec.js:86:5 › 1024px 화면 › 1024px: 긴 검색 조건과 카드 텍스트는 화면 밖으로 밀려나지 않는다
  [production] › responsive-layout.spec.js:104:5 › 1024px 화면 › 1024px: 질문 목록의 검색과 페이지 이동 버튼은 읽을 폭과 간격을 유지한다
  [production] › responsive-layout.spec.js:112:5 › 1024px 화면 › 1024px: 긴 작성자와 조회수는 겹치지 않고 태그와 반응 사이에 여백이 있다
  [production] › responsive-layout.spec.js:120:5 › 1024px 화면 › 1024px: 질문 편집기의 서식과 보기 버튼이 잘리지 않는다
  [production] › responsive-layout.spec.js:127:5 › 1024px 화면 › 1024px: 태그 입력은 행 안에서 정렬되고 줄바꿈과 중복 오류에 간격이 있다
  [production] › responsive-layout.spec.js:147:5 › 1024px 화면 › 1024px: 공고 상세의 안내와 지원 버튼은 서로 붙지 않는다
  [production] › responsive-layout.spec.js:161:5 › 1024px 화면 › 1024px: 짧은 질문 본문은 불필요한 고정 높이 없이 내용을 감싼다
  [production] › responsive-layout.spec.js:169:5 › 1024px 화면 › 1024px: 접힌 오류 제보는 간결하게 표시되고 지원 영역과 간격이 있다
  [production] › responsive-layout.spec.js:187:5 › 1024px 화면 › 1024px: 관리자 목록과 등록 폼은 긴 텍스트와 날짜 입력에도 넘치지 않는다
  [production] › responsive-layout.spec.js:200:5 › 1024px 화면 › 1024px: 로그인과 회원가입의 입력 및 동작 버튼은 화면 안에 있다
  [production] › responsive-layout.spec.js:55:5 › 1440px 화면 › 1440px: 공고 검색어와 모바일 필터는 읽을 폭과 버튼 간격을 유지한다
  [production] › responsive-layout.spec.js:86:5 › 1440px 화면 › 1440px: 긴 검색 조건과 카드 텍스트는 화면 밖으로 밀려나지 않는다
  [production] › responsive-layout.spec.js:104:5 › 1440px 화면 › 1440px: 질문 목록의 검색과 페이지 이동 버튼은 읽을 폭과 간격을 유지한다
  [production] › responsive-layout.spec.js:112:5 › 1440px 화면 › 1440px: 긴 작성자와 조회수는 겹치지 않고 태그와 반응 사이에 여백이 있다
  [production] › responsive-layout.spec.js:120:5 › 1440px 화면 › 1440px: 질문 편집기의 서식과 보기 버튼이 잘리지 않는다
  [production] › responsive-layout.spec.js:127:5 › 1440px 화면 › 1440px: 태그 입력은 행 안에서 정렬되고 줄바꿈과 중복 오류에 간격이 있다
  [production] › responsive-layout.spec.js:147:5 › 1440px 화면 › 1440px: 공고 상세의 안내와 지원 버튼은 서로 붙지 않는다
  [production] › responsive-layout.spec.js:161:5 › 1440px 화면 › 1440px: 짧은 질문 본문은 불필요한 고정 높이 없이 내용을 감싼다
  [production] › responsive-layout.spec.js:169:5 › 1440px 화면 › 1440px: 접힌 오류 제보는 간결하게 표시되고 지원 영역과 간격이 있다
  [production] › responsive-layout.spec.js:187:5 › 1440px 화면 › 1440px: 관리자 목록과 등록 폼은 긴 텍스트와 날짜 입력에도 넘치지 않는다
  [production] › responsive-layout.spec.js:200:5 › 1440px 화면 › 1440px: 로그인과 회원가입의 입력 및 동작 버튼은 화면 안에 있다
  [development] › admin.spec.js:65:1 › 관리자 직접 URL은 비로그인 사용자를 로그인으로 보낸다
  [development] › admin.spec.js:72:1 › localStorage 관리자 역할을 넣어도 일반 회원은 운영 화면을 볼 수 없다
  [development] › admin.spec.js:79:1 › 모바일 관리자는 공고 등록 수정 재조회 삭제 확인을 진행한다
  [development] › admin.spec.js:125:1 › 관리자가 기존 HTML 질문을 수정해도 제목 서식과 밑줄은 재조회에서 유지된다
  [development] › admin.spec.js:139:3 › 제보 처리 입력은 320px에서 필드 오류·내용 저장·처리 결과를 유지한다
  [development] › admin.spec.js:164:3 › 관리자 폼과 앱 달력은 320px에서 입력 그룹·날짜 선택·키보드·화면 경계를 유지한다
  [development] › admin.spec.js:198:3 › 변경 이력은 320px에서 순서와 값을 보존하고 제목을 다음 줄에 정렬한다
  [development] › admin.spec.js:139:3 › 제보 처리 입력은 390px에서 필드 오류·내용 저장·처리 결과를 유지한다
  [development] › admin.spec.js:164:3 › 관리자 폼과 앱 달력은 390px에서 입력 그룹·날짜 선택·키보드·화면 경계를 유지한다
  [development] › admin.spec.js:198:3 › 변경 이력은 390px에서 순서와 값을 보존하고 제목을 다음 줄에 정렬한다
  [development] › admin.spec.js:139:3 › 제보 처리 입력은 1440px에서 필드 오류·내용 저장·처리 결과를 유지한다
  [development] › admin.spec.js:164:3 › 관리자 폼과 앱 달력은 1440px에서 입력 그룹·날짜 선택·키보드·화면 경계를 유지한다
  [development] › admin.spec.js:198:3 › 변경 이력은 1440px에서 순서와 값을 보존하고 제목을 다음 줄에 정렬한다
  [development] › admin.spec.js:226:1 › 운영 중 권한 회수와 토큰 만료는 다음 서버 요청에서 반영된다
  [development] › admin.spec.js:240:1 › 본문 붙여넣기와 이미지 저장 후 재조회하고 지원하기는 원문을 새 탭으로 연다
  [development] › admin.spec.js:286:1 › 초안은 공개 상세에서 숨기고 검토 후 게시하며 수동 마감 상태를 보존한다
  [development] › announcement-filters.spec.js:3:1 › 확장 항목과 정렬은 URL·서버 요청·새로고침·뒤로 가기에 복원된다
  [development] › announcement-filters.spec.js:30:1 › 검색 초안은 다른 필터 선택에 섞이지 않고 제출·개별 해제·뒤로 가기로 URL과 API에 복원된다
  [development] › announcement-filters.spec.js:53:1 › 직무·기술 검색은 숨긴 선택을 유지하며 키보드 열기·Esc·모집 상태 선택은 단일 패널을 지킨다
  [development] › announcement-filters.spec.js:87:1 › 경력은 20년 URL·정확한 연차·오류·빠른 선택·해제를 기존 서버 의미로 전달한다
  [development] › community.spec.js:127:1 › 답변 20개 조회 후 더 보기와 단건 저장을 함께 진행한다
  [development] › community.spec.js:155:1 › 답변 더 보기 실패는 목록과 작성 입력을 보존한다
  [development] › community.spec.js:176:1 › 회원가입부터 공고·질문·답변의 별도 재조회까지
  [development] › community.spec.js:213:1 › 타인 수정 거절과 만료된 인증 상태 정리
  [development] › community.spec.js:231:1 › 본인 질문은 태그와 서식을 편집해 재조회하고 타인 편집 화면은 숨긴다
  [development] › community.spec.js:264:1 › HTML 콘텐츠를 안전하게 렌더링하고 새로고침 후 인증을 유지한다
  [development] › community.spec.js:276:1 › 늦게 도착한 이전 검색 결과가 새 결과를 덮지 않는다
  [development] › community.spec.js:301:1 › 실제 스크롤은 다음 페이지를 한 번씩 요청하고 마지막에서 멈춘다
  [development] › community.spec.js:323:1 › 스크롤 실패는 목록을 보존하고 같은 페이지를 재시도한다
  [development] › community.spec.js:349:1 › 스크롤 중 필터 변경은 첫 페이지부터 조회하고 늦은 이전 페이지를 버린다
  [development] › community.spec.js:380:1 › 모바일 교육 필터는 URL·새로고침·뒤로 가기에서 복원된다
  [development] › community.spec.js:407:1 › 없는 페이지·상세 오류는 안내하고 재시도로 복구된다
  [development] › community.spec.js:429:1 › 모집 구분은 모바일 카드와 상세·관련 공고에서 연차와 함께 구별된다
  [development] › community.spec.js:455:1 › 교육 빈 검색은 상황을 설명하고 필터 해제로 교육 목록을 복구한다
  [development] › community.spec.js:476:1 › 상세 교육 필터는 모바일 입력·새로고침·뒤로가기·빈 결과 해제에 연동된다
  [development] › community.spec.js:506:1 › 질문·답변 반응 저장과 취소는 새로고침 후에도 유지된다
  [development] › community.spec.js:530:1 › 로그인 제한은 대기 시간을 표시하고 입력을 보존해 재시도한다
  [development] › responsive-layout.spec.js:55:5 › 320px 화면 › 320px: 공고 검색어와 모바일 필터는 읽을 폭과 버튼 간격을 유지한다
  [development] › responsive-layout.spec.js:86:5 › 320px 화면 › 320px: 긴 검색 조건과 카드 텍스트는 화면 밖으로 밀려나지 않는다
  [development] › responsive-layout.spec.js:104:5 › 320px 화면 › 320px: 질문 목록의 검색과 페이지 이동 버튼은 읽을 폭과 간격을 유지한다
  [development] › responsive-layout.spec.js:112:5 › 320px 화면 › 320px: 긴 작성자와 조회수는 겹치지 않고 태그와 반응 사이에 여백이 있다
  [development] › responsive-layout.spec.js:120:5 › 320px 화면 › 320px: 질문 편집기의 서식과 보기 버튼이 잘리지 않는다
  [development] › responsive-layout.spec.js:127:5 › 320px 화면 › 320px: 태그 입력은 행 안에서 정렬되고 줄바꿈과 중복 오류에 간격이 있다
  [development] › responsive-layout.spec.js:147:5 › 320px 화면 › 320px: 공고 상세의 안내와 지원 버튼은 서로 붙지 않는다
  [development] › responsive-layout.spec.js:161:5 › 320px 화면 › 320px: 짧은 질문 본문은 불필요한 고정 높이 없이 내용을 감싼다
  [development] › responsive-layout.spec.js:169:5 › 320px 화면 › 320px: 접힌 오류 제보는 간결하게 표시되고 지원 영역과 간격이 있다
  [development] › responsive-layout.spec.js:187:5 › 320px 화면 › 320px: 관리자 목록과 등록 폼은 긴 텍스트와 날짜 입력에도 넘치지 않는다
  [development] › responsive-layout.spec.js:200:5 › 320px 화면 › 320px: 로그인과 회원가입의 입력 및 동작 버튼은 화면 안에 있다
  [development] › responsive-layout.spec.js:55:5 › 390px 화면 › 390px: 공고 검색어와 모바일 필터는 읽을 폭과 버튼 간격을 유지한다
  [development] › responsive-layout.spec.js:86:5 › 390px 화면 › 390px: 긴 검색 조건과 카드 텍스트는 화면 밖으로 밀려나지 않는다
  [development] › responsive-layout.spec.js:104:5 › 390px 화면 › 390px: 질문 목록의 검색과 페이지 이동 버튼은 읽을 폭과 간격을 유지한다
  [development] › responsive-layout.spec.js:112:5 › 390px 화면 › 390px: 긴 작성자와 조회수는 겹치지 않고 태그와 반응 사이에 여백이 있다
  [development] › responsive-layout.spec.js:120:5 › 390px 화면 › 390px: 질문 편집기의 서식과 보기 버튼이 잘리지 않는다
  [development] › responsive-layout.spec.js:127:5 › 390px 화면 › 390px: 태그 입력은 행 안에서 정렬되고 줄바꿈과 중복 오류에 간격이 있다
  [development] › responsive-layout.spec.js:147:5 › 390px 화면 › 390px: 공고 상세의 안내와 지원 버튼은 서로 붙지 않는다
  [development] › responsive-layout.spec.js:161:5 › 390px 화면 › 390px: 짧은 질문 본문은 불필요한 고정 높이 없이 내용을 감싼다
  [development] › responsive-layout.spec.js:169:5 › 390px 화면 › 390px: 접힌 오류 제보는 간결하게 표시되고 지원 영역과 간격이 있다
  [development] › responsive-layout.spec.js:187:5 › 390px 화면 › 390px: 관리자 목록과 등록 폼은 긴 텍스트와 날짜 입력에도 넘치지 않는다
  [development] › responsive-layout.spec.js:200:5 › 390px 화면 › 390px: 로그인과 회원가입의 입력 및 동작 버튼은 화면 안에 있다
  [development] › responsive-layout.spec.js:55:5 › 640px 화면 › 640px: 공고 검색어와 모바일 필터는 읽을 폭과 버튼 간격을 유지한다
  [development] › responsive-layout.spec.js:86:5 › 640px 화면 › 640px: 긴 검색 조건과 카드 텍스트는 화면 밖으로 밀려나지 않는다
  [development] › responsive-layout.spec.js:104:5 › 640px 화면 › 640px: 질문 목록의 검색과 페이지 이동 버튼은 읽을 폭과 간격을 유지한다
  [development] › responsive-layout.spec.js:112:5 › 640px 화면 › 640px: 긴 작성자와 조회수는 겹치지 않고 태그와 반응 사이에 여백이 있다
  [development] › responsive-layout.spec.js:120:5 › 640px 화면 › 640px: 질문 편집기의 서식과 보기 버튼이 잘리지 않는다
  [development] › responsive-layout.spec.js:127:5 › 640px 화면 › 640px: 태그 입력은 행 안에서 정렬되고 줄바꿈과 중복 오류에 간격이 있다
  [development] › responsive-layout.spec.js:147:5 › 640px 화면 › 640px: 공고 상세의 안내와 지원 버튼은 서로 붙지 않는다
  [development] › responsive-layout.spec.js:161:5 › 640px 화면 › 640px: 짧은 질문 본문은 불필요한 고정 높이 없이 내용을 감싼다
  [development] › responsive-layout.spec.js:169:5 › 640px 화면 › 640px: 접힌 오류 제보는 간결하게 표시되고 지원 영역과 간격이 있다
  [development] › responsive-layout.spec.js:187:5 › 640px 화면 › 640px: 관리자 목록과 등록 폼은 긴 텍스트와 날짜 입력에도 넘치지 않는다
  [development] › responsive-layout.spec.js:200:5 › 640px 화면 › 640px: 로그인과 회원가입의 입력 및 동작 버튼은 화면 안에 있다
  [development] › responsive-layout.spec.js:55:5 › 768px 화면 › 768px: 공고 검색어와 모바일 필터는 읽을 폭과 버튼 간격을 유지한다
  [development] › responsive-layout.spec.js:86:5 › 768px 화면 › 768px: 긴 검색 조건과 카드 텍스트는 화면 밖으로 밀려나지 않는다
  [development] › responsive-layout.spec.js:104:5 › 768px 화면 › 768px: 질문 목록의 검색과 페이지 이동 버튼은 읽을 폭과 간격을 유지한다
  [development] › responsive-layout.spec.js:112:5 › 768px 화면 › 768px: 긴 작성자와 조회수는 겹치지 않고 태그와 반응 사이에 여백이 있다
  [development] › responsive-layout.spec.js:120:5 › 768px 화면 › 768px: 질문 편집기의 서식과 보기 버튼이 잘리지 않는다
  [development] › responsive-layout.spec.js:127:5 › 768px 화면 › 768px: 태그 입력은 행 안에서 정렬되고 줄바꿈과 중복 오류에 간격이 있다
  [development] › responsive-layout.spec.js:147:5 › 768px 화면 › 768px: 공고 상세의 안내와 지원 버튼은 서로 붙지 않는다
  [development] › responsive-layout.spec.js:161:5 › 768px 화면 › 768px: 짧은 질문 본문은 불필요한 고정 높이 없이 내용을 감싼다
  [development] › responsive-layout.spec.js:169:5 › 768px 화면 › 768px: 접힌 오류 제보는 간결하게 표시되고 지원 영역과 간격이 있다
  [development] › responsive-layout.spec.js:187:5 › 768px 화면 › 768px: 관리자 목록과 등록 폼은 긴 텍스트와 날짜 입력에도 넘치지 않는다
  [development] › responsive-layout.spec.js:200:5 › 768px 화면 › 768px: 로그인과 회원가입의 입력 및 동작 버튼은 화면 안에 있다
  [development] › responsive-layout.spec.js:55:5 › 1024px 화면 › 1024px: 공고 검색어와 모바일 필터는 읽을 폭과 버튼 간격을 유지한다
  [development] › responsive-layout.spec.js:86:5 › 1024px 화면 › 1024px: 긴 검색 조건과 카드 텍스트는 화면 밖으로 밀려나지 않는다
  [development] › responsive-layout.spec.js:104:5 › 1024px 화면 › 1024px: 질문 목록의 검색과 페이지 이동 버튼은 읽을 폭과 간격을 유지한다
  [development] › responsive-layout.spec.js:112:5 › 1024px 화면 › 1024px: 긴 작성자와 조회수는 겹치지 않고 태그와 반응 사이에 여백이 있다
  [development] › responsive-layout.spec.js:120:5 › 1024px 화면 › 1024px: 질문 편집기의 서식과 보기 버튼이 잘리지 않는다
  [development] › responsive-layout.spec.js:127:5 › 1024px 화면 › 1024px: 태그 입력은 행 안에서 정렬되고 줄바꿈과 중복 오류에 간격이 있다
  [development] › responsive-layout.spec.js:147:5 › 1024px 화면 › 1024px: 공고 상세의 안내와 지원 버튼은 서로 붙지 않는다
  [development] › responsive-layout.spec.js:161:5 › 1024px 화면 › 1024px: 짧은 질문 본문은 불필요한 고정 높이 없이 내용을 감싼다
  [development] › responsive-layout.spec.js:169:5 › 1024px 화면 › 1024px: 접힌 오류 제보는 간결하게 표시되고 지원 영역과 간격이 있다
  [development] › responsive-layout.spec.js:187:5 › 1024px 화면 › 1024px: 관리자 목록과 등록 폼은 긴 텍스트와 날짜 입력에도 넘치지 않는다
  [development] › responsive-layout.spec.js:200:5 › 1024px 화면 › 1024px: 로그인과 회원가입의 입력 및 동작 버튼은 화면 안에 있다
  [development] › responsive-layout.spec.js:55:5 › 1440px 화면 › 1440px: 공고 검색어와 모바일 필터는 읽을 폭과 버튼 간격을 유지한다
  [development] › responsive-layout.spec.js:86:5 › 1440px 화면 › 1440px: 긴 검색 조건과 카드 텍스트는 화면 밖으로 밀려나지 않는다
  [development] › responsive-layout.spec.js:104:5 › 1440px 화면 › 1440px: 질문 목록의 검색과 페이지 이동 버튼은 읽을 폭과 간격을 유지한다
  [development] › responsive-layout.spec.js:112:5 › 1440px 화면 › 1440px: 긴 작성자와 조회수는 겹치지 않고 태그와 반응 사이에 여백이 있다
  [development] › responsive-layout.spec.js:120:5 › 1440px 화면 › 1440px: 질문 편집기의 서식과 보기 버튼이 잘리지 않는다
  [development] › responsive-layout.spec.js:127:5 › 1440px 화면 › 1440px: 태그 입력은 행 안에서 정렬되고 줄바꿈과 중복 오류에 간격이 있다
  [development] › responsive-layout.spec.js:147:5 › 1440px 화면 › 1440px: 공고 상세의 안내와 지원 버튼은 서로 붙지 않는다
  [development] › responsive-layout.spec.js:161:5 › 1440px 화면 › 1440px: 짧은 질문 본문은 불필요한 고정 높이 없이 내용을 감싼다
  [development] › responsive-layout.spec.js:169:5 › 1440px 화면 › 1440px: 접힌 오류 제보는 간결하게 표시되고 지원 영역과 간격이 있다
  [development] › responsive-layout.spec.js:187:5 › 1440px 화면 › 1440px: 관리자 목록과 등록 폼은 긴 텍스트와 날짜 입력에도 넘치지 않는다
  [development] › responsive-layout.spec.js:200:5 › 1440px 화면 › 1440px: 로그인과 회원가입의 입력 및 동작 버튼은 화면 안에 있다
Total: 206 tests in 4 files
