BROWSER goto http://127.0.0.1:51019/detail/1 exit 0
BROWSER wait --selector exit 0
BROWSER click .announcement-report summary exit 0
BROWSER click [data-test=report-form] button[type=submit] exit 0
BROWSER wait --selector exit 0
BROWSER eval JSON.stringify(({error:document.querySelector('#announcement-report-error').textContent,invalid:document.querySelector('#announcement-report').getAttribute('aria-invalid'),focus:document.activeElement.id,nativeValidation:!document.querySelector('[data-test=report-form]').noValidate})) exit 0
PASS 빈 제보: 앱 오류·입력 초점·기본 말풍선 비활성 {'error': '오류 내용을 입력해 주세요.', 'invalid': 'true', 'focus': 'announcement-report', 'nativeValidation': False}
BROWSER viewport 320 exit 0
BROWSER eval JSON.stringify((()=>{const form=document.querySelector('[data-test=report-form]'),input=form.querySelector('textarea').getBoundingClientRect(),footer=form.querySelector('.feedback-input-footer').getBoundingClientRect(),actions=form.querySelector('.feedback-actions').getBoundingClientRect();return {document:document.documentElement.scrollWidth,height:input.height,left:input.left,right:input.right,gap:actions.top-footer.bottom,button:form.querySelector('button').getBoundingClientRect().height}})()) exit 0
PASS 320px 제보 입력·버튼 간격·화면 경계 {'document': 320, 'height': 128, 'left': 54, 'right': 266, 'gap': 16, 'button': 44}
BROWSER screenshot --out exit 0
BROWSER viewport 390 exit 0
BROWSER eval JSON.stringify((()=>{const form=document.querySelector('[data-test=report-form]'),input=form.querySelector('textarea').getBoundingClientRect(),footer=form.querySelector('.feedback-input-footer').getBoundingClientRect(),actions=form.querySelector('.feedback-actions').getBoundingClientRect();return {document:document.documentElement.scrollWidth,height:input.height,left:input.left,right:input.right,gap:actions.top-footer.bottom,button:form.querySelector('button').getBoundingClientRect().height}})()) exit 0
PASS 390px 제보 입력·버튼 간격·화면 경계 {'document': 373, 'height': 128, 'left': 54, 'right': 319, 'gap': 16, 'button': 44}
BROWSER viewport 640 exit 0
BROWSER eval JSON.stringify((()=>{const form=document.querySelector('[data-test=report-form]'),input=form.querySelector('textarea').getBoundingClientRect(),footer=form.querySelector('.feedback-input-footer').getBoundingClientRect(),actions=form.querySelector('.feedback-actions').getBoundingClientRect();return {document:document.documentElement.scrollWidth,height:input.height,left:input.left,right:input.right,gap:actions.top-footer.bottom,button:form.querySelector('button').getBoundingClientRect().height}})()) exit 0
PASS 640px 제보 입력·버튼 간격·화면 경계 {'document': 623, 'height': 128, 'left': 66, 'right': 557, 'gap': 16, 'button': 44}
BROWSER viewport 768 exit 0
BROWSER eval JSON.stringify((()=>{const form=document.querySelector('[data-test=report-form]'),input=form.querySelector('textarea').getBoundingClientRect(),footer=form.querySelector('.feedback-input-footer').getBoundingClientRect(),actions=form.querySelector('.feedback-actions').getBoundingClientRect();return {document:document.documentElement.scrollWidth,height:input.height,left:input.left,right:input.right,gap:actions.top-footer.bottom,button:form.querySelector('button').getBoundingClientRect().height}})()) exit 0
PASS 768px 제보 입력·버튼 간격·화면 경계 {'document': 751, 'height': 128, 'left': 66, 'right': 685, 'gap': 16, 'button': 44}
BROWSER viewport 1024 exit 0
BROWSER eval JSON.stringify((()=>{const form=document.querySelector('[data-test=report-form]'),input=form.querySelector('textarea').getBoundingClientRect(),footer=form.querySelector('.feedback-input-footer').getBoundingClientRect(),actions=form.querySelector('.feedback-actions').getBoundingClientRect();return {document:document.documentElement.scrollWidth,height:input.height,left:input.left,right:input.right,gap:actions.top-footer.bottom,button:form.querySelector('button').getBoundingClientRect().height}})()) exit 0
PASS 1024px 제보 입력·버튼 간격·화면 경계 {'document': 1007, 'height': 128, 'left': 378, 'right': 921, 'gap': 16, 'button': 44}
BROWSER viewport 1440 exit 0
BROWSER eval JSON.stringify((()=>{const form=document.querySelector('[data-test=report-form]'),input=form.querySelector('textarea').getBoundingClientRect(),footer=form.querySelector('.feedback-input-footer').getBoundingClientRect(),actions=form.querySelector('.feedback-actions').getBoundingClientRect();return {document:document.documentElement.scrollWidth,height:input.height,left:input.left,right:input.right,gap:actions.top-footer.bottom,button:form.querySelector('button').getBoundingClientRect().height}})()) exit 0
PASS 1440px 제보 입력·버튼 간격·화면 경계 {'document': 1423, 'height': 128, 'left': 517.5, 'right': 1197.5, 'gap': 16, 'button': 44}
BROWSER screenshot --out exit 0
BROWSER fill #announcement-report exit 0
BROWSER click [data-test=report-form] button[type=submit] exit 0
BROWSER wait --selector exit 0
BROWSER eval JSON.stringify(document.querySelector('#announcement-report').value) exit 0
PASS 실제 제보 접수 후 내용 비우기 
PASS 별도 조회에서 제보 commit 확인 {'matches': 1}
BROWSER goto http://127.0.0.1:51019/admin/announcement-reports exit 0
BROWSER wait --selector exit 0
BROWSER click .report-review-card:has(#resolution-1) button[type=submit] exit 0
BROWSER wait --selector exit 0
BROWSER eval JSON.stringify(({focus:document.activeElement.id,error:document.querySelector('#resolution-1-error').textContent,invalid:document.querySelector('#resolution-1').getAttribute('aria-invalid'),nativeValidation:!document.querySelector('#resolution-1').closest('form').noValidate})) exit 0
PASS 빈 처리 내용: 해당 제보 오류·입력 초점·기본 말풍선 비활성 {'focus': 'resolution-1', 'error': '처리 내용을 입력해 주세요.', 'invalid': 'true', 'nativeValidation': False}
BROWSER viewport 320 exit 0
BROWSER eval JSON.stringify((()=>{const form=document.querySelector('#resolution-1').closest('form'),input=form.querySelector('textarea').getBoundingClientRect(),footer=form.querySelector('.feedback-input-footer').getBoundingClientRect(),actions=form.querySelector('.feedback-actions').getBoundingClientRect();return {document:document.documentElement.scrollWidth,height:input.height,left:input.left,right:input.right,gap:actions.top-footer.bottom,button:form.querySelector('button').getBoundingClientRect().height,align:getComputedStyle(form.closest('article')).textAlign}})()) exit 0
PASS 320px 관리자 처리: 왼쪽 정렬·입력·버튼 간격·화면 경계 {'document': 320, 'height': 128, 'left': 36, 'right': 284, 'gap': 16, 'button': 44, 'align': 'left'}
BROWSER screenshot --out exit 0
BROWSER viewport 390 exit 0
BROWSER eval JSON.stringify((()=>{const form=document.querySelector('#resolution-1').closest('form'),input=form.querySelector('textarea').getBoundingClientRect(),footer=form.querySelector('.feedback-input-footer').getBoundingClientRect(),actions=form.querySelector('.feedback-actions').getBoundingClientRect();return {document:document.documentElement.scrollWidth,height:input.height,left:input.left,right:input.right,gap:actions.top-footer.bottom,button:form.querySelector('button').getBoundingClientRect().height,align:getComputedStyle(form.closest('article')).textAlign}})()) exit 0
PASS 390px 관리자 처리: 왼쪽 정렬·입력·버튼 간격·화면 경계 {'document': 373, 'height': 128, 'left': 36, 'right': 337, 'gap': 16, 'button': 44, 'align': 'left'}
BROWSER viewport 640 exit 0
BROWSER eval JSON.stringify((()=>{const form=document.querySelector('#resolution-1').closest('form'),input=form.querySelector('textarea').getBoundingClientRect(),footer=form.querySelector('.feedback-input-footer').getBoundingClientRect(),actions=form.querySelector('.feedback-actions').getBoundingClientRect();return {document:document.documentElement.scrollWidth,height:input.height,left:input.left,right:input.right,gap:actions.top-footer.bottom,button:form.querySelector('button').getBoundingClientRect().height,align:getComputedStyle(form.closest('article')).textAlign}})()) exit 0
PASS 640px 관리자 처리: 왼쪽 정렬·입력·버튼 간격·화면 경계 {'document': 623, 'height': 128, 'left': 44, 'right': 579, 'gap': 16, 'button': 44, 'align': 'left'}
BROWSER viewport 768 exit 0
BROWSER eval JSON.stringify((()=>{const form=document.querySelector('#resolution-1').closest('form'),input=form.querySelector('textarea').getBoundingClientRect(),footer=form.querySelector('.feedback-input-footer').getBoundingClientRect(),actions=form.querySelector('.feedback-actions').getBoundingClientRect();return {document:document.documentElement.scrollWidth,height:input.height,left:input.left,right:input.right,gap:actions.top-footer.bottom,button:form.querySelector('button').getBoundingClientRect().height,align:getComputedStyle(form.closest('article')).textAlign}})()) exit 0
PASS 768px 관리자 처리: 왼쪽 정렬·입력·버튼 간격·화면 경계 {'document': 751, 'height': 128, 'left': 44, 'right': 707, 'gap': 16, 'button': 44, 'align': 'left'}
BROWSER viewport 1024 exit 0
BROWSER eval JSON.stringify((()=>{const form=document.querySelector('#resolution-1').closest('form'),input=form.querySelector('textarea').getBoundingClientRect(),footer=form.querySelector('.feedback-input-footer').getBoundingClientRect(),actions=form.querySelector('.feedback-actions').getBoundingClientRect();return {document:document.documentElement.scrollWidth,height:input.height,left:input.left,right:input.right,gap:actions.top-footer.bottom,button:form.querySelector('button').getBoundingClientRect().height,align:getComputedStyle(form.closest('article')).textAlign}})()) exit 0
PASS 1024px 관리자 처리: 왼쪽 정렬·입력·버튼 간격·화면 경계 {'document': 1007, 'height': 128, 'left': 58, 'right': 949, 'gap': 16, 'button': 44, 'align': 'left'}
BROWSER viewport 1440 exit 0
BROWSER eval JSON.stringify((()=>{const form=document.querySelector('#resolution-1').closest('form'),input=form.querySelector('textarea').getBoundingClientRect(),footer=form.querySelector('.feedback-input-footer').getBoundingClientRect(),actions=form.querySelector('.feedback-actions').getBoundingClientRect();return {document:document.documentElement.scrollWidth,height:input.height,left:input.left,right:input.right,gap:actions.top-footer.bottom,button:form.querySelector('button').getBoundingClientRect().height,align:getComputedStyle(form.closest('article')).textAlign}})()) exit 0
PASS 1440px 관리자 처리: 왼쪽 정렬·입력·버튼 간격·화면 경계 {'document': 1423, 'height': 128, 'left': 197.5, 'right': 1225.5, 'gap': 16, 'button': 44, 'align': 'left'}
BROWSER screenshot --out exit 0
BROWSER fill #resolution-1 exit 0
BROWSER click .report-review-card:has(#resolution-1) button[type=submit] exit 0
BROWSER wait --function exit 0
BROWSER check .admin-section-heading input[type=checkbox] exit 0
BROWSER wait --text exit 0
PASS 실제 처리 저장·목록 재조회·commit 확인 {'note': '원문 확인 후 마감일을 수정했습니다. 로컬 검증용 처리 기록입니다.', 'resolvedAt': '2026-10-08T20:24:50.014954'}
VISIBLE_UI_RESULT PASS assertions 17
